{G w r h J P D J C} {Z F R c w f Z W V}
{L j n Q l q N p j j m p m Q l L l q N} {f Z R v Q c T W c T S T T Z c S Q c Z}
{n N q j d s p s p n g n m j m s l q m j j j} {C D G r H P H M G d d G C M C G P P P J W C}
{G w m V Z m P W W F F m B b V b Z V w m b P} {s T C n l g Q g n Q f h l f f f f Z n l Q h}
{D q V D S q q S M z L L D D N S H H L d q S d S} {l l C Q j s T l C l h l f l n T l h j g f g f M}
{V H J z t N L H} {G t c b v v P G}
{b j r P r N C t N r j d c C P} {p p t f p T V s p D t f T t B}
{J G Q J M J Q M m m m Z} {M n n L p L B T p H C D}
{W J J q W R g W l C J Z h Z R C Q Z} {w d P S c d r P N b v z P z w v q z}
{Q N S Q N B W Q N L j Z B N N h L h S N R} {s T c s r T T V z c w Z Z Z s f r r b w b}
{t C F t H p p p p p M l d p v p q n M F m M} {V G r b P c r w b z s w r z c c c f v T f w}
{p d m C p g q C d m H H d} {J V W g S R N J D R V V j}
{s N r F n v N S z} {r j Q t Q j Q T j}
{l c P m c J D L d P D b J P V L l} {j d G G B B T h B Q T G w T t B w}
{P D L q m J m p J} {Q f F q f q s C M}
{B n h c t q d n q n R c B} {n s l C J J C M r J r s G}
{w N D M Z p b Q w M} {p C v C G V j l s s}
{W f z N w Z F b w Z z Z m F Z b L z N w z z z z} {c d q g R M T T P d H P T T P M R d c W g R P t}
{g r s r V S F S S d F S D F V F} {j Z Z W w p W p Z W Z p l g Z Z}
{m c B P P P B L B f N} {d L l v v W l j W J C}
{d M c m c R d b R z d} {V h F t h S s T S h M}
{b z v J Z M T z T Z S} {H L C C d D z m D c c}
{h q B q W P F s s v s h W v v s s N q t s} {H f t m f p H f d c d D G H m c p f c t L}
{W v B Q g N N N h g h} {T J b J Q l J T Z l T}
{c h c d w N w d b C b Q c t C} {j n n Q G H s Q s p M H M j G}
{n S S S J q J Z z J g W W R f Z D J S n q} {v T T s V v v H V P p H V f p j H M T j P}
{B Z R D R m m r D W S r Z W W z W S R} {N h d n C F w C h c l F t w b N d t r}
{l N g m s s C t q L w q C C t f s C L H} {P F h h h m M h V z B D b V z M D M V z}
{Z n R l Q T l J} {z F Q F Q F V V}
{n p Z J v R R G Z S n W v S v r S} {L g l s C l f p f c L g N g p H f}
{t V t q c V q F V t Z h c f F t q l} {g S p m p D S D N P z S z Z m N p w}
{L R G T H q b r H d n G H r T C} {S S w N D z M D w P M z N w b p}
{T q W G J r G H C H n T W n} {h s W c F t h F j t f Q c h}
{q N n T b w t c t v f f F c q f} {r H j M r F j V H R j S j Z D Z}
{d L L z W W P m C m C z G d s L g B L G G B} {D R M V M H R l r r r Z D D Z s N M r N N S}
{P J Q W g g C z W N W J z G W} {f c h v f T b J v f n n w t f}
{g h z d g z z d Q s d q z z h M N q Q z v h g Q} {n R R B W T j W W G T R G W w G T Z h w G n B T}
{f s r f J H b F f D F L V L V F H} {r W C W r B R Z Z T G C C j w W Z}
{H L L l l c D P b L P} {Q d P s p M N g v M t}
{f N D J q d P N b t} {H p C b w p C C C p}
{R T M R L r z G r M R M R P W} {n n v S m g C H F C C F m m T}
{W Q s W Q j z G W M s G Q z W c l} {Q t V B J f B f t N d t q V P f P}
{g b T C V V m D V F d s g m g} {r r c f w l w f T f P l c R R}
{q h Q Z q Q v n Q h L Q h J n v} {f P c S w S w l f j G c q j q j}
{t L N Z L Z Z J J Z t h p z h M Z} {D C d F m F s m W W m t D D g s w}
{b q C v L v L p p z P z P P v P b F z t F t t t} {B N G d G s R g g S g G S H D d g g H S z N g H}
{r M Q p W f M f r c T j W J h w W} {H H s S B s R B d S T T N B g S R}
{V w f m W j w M W w c c r W c W p Q Q} {F n F t l C q m l t F n F L b b Z m n}
{c W q s M W J M z q J J M H s J c q s J q T q j} {S b L B d f d S b t z L b b L f b S f S h f h d}
{g p l G v Q m R r C r g} {Z S Z t S G Z Z j h b j}
{C Q m m m m N Q R P v j g R C l C v m m} {c V H P q M F M F s W J V q F F c n T J}
{Q H H q v G w j j W N q v G T Q G v T F c G w} {J R J b s z c P t D b J V b t P z V b D p t p}
{M L d r g m S g Z Z d h d f} {b L V R p s z l R D s t R L}
{g d S g M C S f d M n r g h C} {W G R Q v H w v N H j n j v v}
{R D B Z w v Z B} {r M l s v n l b}
{W d F Q q d j W W c H H} {P r w S P n n S W n S S}
{m L d q g q H m c j H H j q L H j L p p m} {h f B f g t D t B J Z J f V t B Z w G Z B}
{C C W R J Q n Z l H t H t N Z R} {F D c B h r c v h D r J V V D v}
{d P P S q L z f s q G L S T z f L z L G d L M} {V V g v B c m g M V w m m D F r V g m B B B r}
{S F j d T G z q p j d} {R b N R N n j t n Q R}
{h j N c w B D D w D F c j d F f j t F h t} {c R s G G g T s G R R R T s G G q Z G R q}
{g b m r L n b z L m v Q J n Q V V} {p q Z T q z W S C R p q R T s S R}
{M Q M v V M b P Q Q H r Q M n M P} {l d t w N N f g H t l w B h d w j}
{z w z w p z M f z r B M W f C C Z r w z r M} {J D G G G n N m G N Z v g N Z s D D s G s G}
{F b F q S b c S b S H q T j} {m g G F n J g l l l s D J m}
{T b h V d V j q d t q T j V H q j P d t h} {P B B W p C n R f w R P R C f B C C n W R}
{h l p m b f J J p C S C h m J M m r} {S j T j c S d j T t Q Q T t T t j F}
{g q r g s q L z g n B g Z G z H B n n s} {Q N N Q t j j c N N j j t N F Q N c N H}
{L V R z g G G z z z} {P C V r J M b P J b}
{V H r m q F n V} {d v l z z N r r}
{P M t w B J P B c P w f b w B J} {n d p l L v L d L l g M M z L L}
{b B Z n T w b t n S c f Q J P J w P T} {j q G Z F s V F j D H H G h h H h V j}
{c f t q S c H J} {r f V f r r R Z}
{D T T s D v v l B b T G r W B w w s W D B b W d} {V p Z j j Z j p V P P G h R R V j V Z N R P N N}
{l s W d W D b r T L B s b d r m d w b} {M J t m H M Q J c c F H F n J F q F t}
{S W N P T P V S W C h C S m Q Q h} {p p p J d F J L p D p g L J m L d}
{N G G t N t G f H} {t D p d J d q L B}
{N c s N G N j H Z s Z G n z Z f n G} {h Q n h P C l r V l Q P h T V V h l}
{Q D d g M B s N h h M g c} {W b Z d z m W L z F z W H}
{f R q R J J q G C v r J G j C R R r S J l} {f P t H z z P m f F b t P t L Z Z L n m t}
{V j v w w j l w V G G q J S S q J F} {c c s h p g N h Q N Q T s V g B g T}
{w v D L D w C b F g} {S T f T S J J g f B}
{q s R h m h q c h m V h P d} {f T H J S z p C t J p f P f}
{h m d h r W r d d m h l q C R c} {w Q j D L M Q n M F D Z n l L l}
{t r M W t l w w M p l M Z M C Z W l t D p} {z B L B n f l V L B b H z b B S G l V l L}
{g h h q J T f m j Q j f q q} {z n z n n H n B R z B L m n}
{s Q h P Q s j j Q c Q c T s P q} {Z W w w Z c F f W r W c r Z w w}
{M R V p V C Z Z T H W V M C H} {v g N v V v b Q S q g Q S l g}
{N F m n r N D D f n j F n n d f s s m c} {S t v j v Q Q l v z v l l q v w Q l l j}
{G G P N m B r F N d c f c G r s G c d m D F} {h J H M M h H L Z J M h p L H C M M M M P J}
{D S v D G d G F l G G n D Z F d V S Z v} {f P q w n f h p n r q p P N p L P r r h}
{s W c T j t H C s T m s C} {N f g M P j p f P h q h P}
{B t H z B z C h z B B} {v F S D J v V z F J J}
{s f s N r s F F B T f j w w t N N} {W H P V C V W t S C D D C D m m S}
{z M d h M M Z n S c c} {M m m W V W m C P l C}
{c L S S c J Z Q b c v L h Z v n z} {B w f T j r p N w N r B F f f p b}
{T B r C B g r T n g V Q B V b h r C t g} {J J r G s s G s M G R G c j M c N j f N}
{L Z d S L v H M F d z F} {R W s L j c G R W W N J}
{p H p z l q P q F P v d} {B t h g M b V P D h g h}
{S Z l n Z Z v B v v M r c B n l l B M Z S v} {h G M t Q w F M G z t t h f w Q t M w w P f}
{H L q s D g N s D L D D D j g g H D H s} {z t h z F b Q G T g h P G Q P b T f F T}
{d m L q D q C m F N j J s j H d s s F N H D} {V W Z c c n R l l n V Z v R S B Z r Z l C c}
{S c c n n S G G f t S h f H S H H h n v} {b M j v V l C j z b V z z b M M T b C B}
{g R p p p N N Q L W q Z g P Z w N W w w} {B M B b D l Z C T z V T j H M M b B j V}
{d q N Q P Q R q r q p P} {c G t c h h d f h H S F}
{m f D z g n N M M s z B t J} {C p H l r j n F p p C d H j}
{L L R T h G G Z c b} {C l B Q p d W F G l}
{b S q V T b B b} {M V M s N m N M}
{B T T b b L V p} {f c h m j b s j}
{J S Q J H D M H q d N Z T Z l} {h F F h C F F r N h N c s r r}
{t M w J Q l w M M l Q w D D J} {t W G L G P p W L L G n T P n}
{L c V Q Q C P P L q T z q Q T c l l T z h} {n H H f F J R c G H c F f w R G H w J j J}
{s t d W D D B t V g b p W g Z b s N g D N d W} {F G M n n w H f j H F p f w w M G M M G R j J}
{Z W S D t g N d W N B d g s d s N D D s d b D} {l T z C V S T C q Q m S q T Q S v h q L V Q q}
{d Z b g d Z b N t m q t t F J t} {H H z c c z M c F s z H n s v H}
{w w p Q p l Q Q w q V V j q w P j C G C} {S M C M c H S H v v z H M z v c s r M c}
{p f j l Q R p P R R L Q} {W t m L N d W d m q q J}
{C P T P P m b j m V j V G C v z b j j P r} {G s n n M p t t d t G d n c d M c c D R d}
{l h l H z Q S H w z h J L w g W g} {p M D M M s D d c D Q M D M M n s}
{B H Z g h L W w S F B J J B F} {v z m b f j N Z v Z m C v m b}
{P B G c v v c R w p w N c Z c N P p P N c T H} {G d M t r C W r C C t C L W M t W g b V d M V}
{f m s J j n q m m f s j Q J n j F z S F S q s q} {g W r t M t t Z g M W V M b b V M d b S r L t r}
{q Q j j Z F m f j Z h Z m} {w c v P h N p T N B T w N}
{H H l V V m m s b b q M s J m V z} {G S B M S r Q Q r R r G v v n D n}
{P Z c p h Z P P Z P h j c p d W g P Z h R P f c} {D S r t D B S G N v t g g r Q t n v Q N G N D n}
{d c W w F j p c P h R c C p j w d C P} {L z H b l J b L b z m s m b T w z q H}
{h R f z T T f R r T G z h G W T r R r b f c} {Q Z Q S t t W t w d d J t v d J J v W S H q}
{n p j n D j F l p D n F F N M j l j C n F M} {Q t H H t q N H N Q J w w Z Z q s t N w J J}
{D C j p L j j p V L D M D p V L D L} {Q b b h z B h V r c V g V G Q Q c z}
{L n c L B L j C S N r N r N p C L Q B B B G} {w q Q w z l z m g g v q R q g l l m z w t v}
{f M Z P H h h H f t h M d b} {R g H J z m V q l v w l w g}
{h f s P b Z F P P D s f} {G L c B t S F N B S j L}
{M l Z m s z B M J B H r M B M} {b S h w S F p b Z S Z f w w b}
{T C L C c P N G T g T P N G W t C t c W t P c} {S s R f R j R w j F b f p N F D j w s F s p w}
{n V t q q s W s} {d H z J H q m M}
{R C r h S m W r m r v m r v h M v R N r R C z C} {J c Q Q b P t s M Z V G J J t s Z s s P c Q c Z}
{j L F B G q L F p q B L g} {Z V b P b s L J Q c b s V}
{H j D l j G F w} {r R H R R T r S}
{G Z Z h n r w Z B w} {N j R P R C b C b n}
{f J t J J p s V f p} {g N T b V N F T R P}
{J J c p L J f L d c W L d p l} {w R d Q M B v S q w R h v r G}
{w m Z D P l R l C D w g l g s} {H t s B v d B H L F L S d d r}
{V b V M n M f t f V j Q W} {F F H d M B d B F M F H r}
{z f j t n G q q n j G q f j} {P c D P l Z P l R D z c c w}
{B R j h f h v R g n T M l} {F D D J f Z z Z F F Q D Z}
{q L d q c N t t w w c w w S P S p q L N m r w m} {r Z s G z z D F Z G Z F z V s s r z J G n s Q G}
{w S N d H S c S c d m w H S p d N c m m t L} {M v C h R H b v B M T B n C B B v h v l C h}
{J g W T P f F P g C P P l C} {n t Q S G g h H v Q n S d Q}
{B z v M Z v L V} {Q p d Q p S Z h}
{R w V V j R D V c R} {D N D T l J P q T v}
{S G H S r B B R P h P P H} {Q c T c c Q T R R Q j T N}
{v v W v s p C b z} {W V W V r W d j j}
{w Z p D z C D g D b C Z J Z z} {J G l r l q P q n q P l l m H}
{F C n c C r D W M L C b j M C c F p L} {d z Z f m Z z w w W z d z N R Z d W B}
{s q s g T q H S q l} {l N l d M w l Z z J}
{M t H P T g Q h v h h q} {c r D r r D p j L C Q c}
{p P P v m P W S C l q q P v q C m S w q m g} {G B W D j h G L H f j h D L J G j B B h N j}
{z r b d c d M n d c R d T r s M c b T R d z R F} {V H j L j D j N L N H s f D h N G j h J N h D j}
{R d F F c n T d Z c T r R R d F F b Z t} {w Q C P Q g l v P l w J w Q P Z S q q P}
{w l m b v w m v Q v W Q s v m b s S s Q b s w l} {R C N P f C T c T R V C f f P t T S C P N R V P}
{F h J J J F g F q J G B t D p J} {h T T c V c V h d c C d C d T V}
{G D F t g L F n q q D G q G Z} {s Q v s l l r j b L j b r v w}
{l n F S n J v m g v L l f n J p g n s j n j g f} {D Q W q C J q Z d D t D C t C t C d D r t D D Q}
{V T B B M P F c} {N N t M Z D M W}
{V T G b z G G h T b T G H w V P} {v v F n f p v j g H n f j p p p}
{J J w H q v l v D j l j D w J F l Z j Z D w H} {N N s M q h N p p h N p m N V z p s n s n R V}
{m T L g r L L c L S T T T d m P P f r r r} {n s s N h R N W h g n g z M W z g z V n M}
{S m T f d S B b B} {J b t j J v l j l}
{b P N L w T C L} {L Q Q q t J s f}
{z d n n Z V l W W G G R W G W d g d} {S S t Q M q J S M R p t f t b s M f}
{F W b v g v Z Z Z Z g n} {T m w r r h r F P C r P}
{H c G z z s z F G l l H W H b Z s p H b H G s H} {T w w r T r L L C N j S Z w N j N j j C C N L j}
{P B J M J Q J D D D n D g g R h M d R} {S L m j T m T w w V j V Q S v v w v C}
{R q f d h g D P D J D q J J n B d f} {z W W H c s t s l c b t S t f H z l}
{z v R R l C q r d N d Z c} {Z p j B p V w j s m j s m}
{f g b T D q b h G f D n L D n L L q L h} {F m s H p T P H j H p p p p B w p w w s}
{n h n n n D D n g D t D b f S b D n G h h g} {R l N v Q d Q q N v Q v t c Q Q N J R N J N}
{c Z b C c b b S c C b c} {m P G j P f S B Q Q S q}
{l n M n n V s M V v} {m z z G M D z P D f}
{L h r T s T T g l r n s r r W W V v l w T n} {N t c p Z R C m h t b C Z F d t t Z b R C p}
{N W r F P Z V W N V r v v r} {h t n N d d d t p l d m j m}
{D c B Q B D s J b C w Q n b} {t d z m j j j l j b p j b z}
{q C D c G s D J G C c B D B c s w J n B J Q D} {f W f q g v Z S v g Z P f r V S W v P v Z Z Z}
{v c s d H d G t H t M H M F t V s d d s} {W C c b p p Z w j S c L p W h b j R W R}
{N T w r n z J r g T P r D w n l} {p h R p j S p W b J J L L Z W j}
{T l D P f P n z z l z T B z z} {v Q F F B H M t V t q B q q w}
{N H n q q f Z v Z B N H H v g f} {r S l J r J C S l l J R V r C n}
{T D T d h L M W j F c d d} {M J P S S P J R m l C P z}
{b l j W F d L L T D L t d F t L l} {w Z v q f b g w w H f w q H N v w}
{B R R j h R Q n d R N V q B j R V h} {F L c c j p w M m L m j H m g F H H}
{f Z J f J v z P P W t W W l l t Z z Z P} {p c g F M s F F w w F d p H d g w t d w}
{P C r d r z z f W C P d v S l} {q T q N S D n n Q V V Q Q G T}
{D j b f B M D S f B l j B s L S j S Z b} {z r G t P t M C P t V P v v q r z q z G}
{m W d J W c p p c N T d p} {p p j z j R R V r P R p q}
{Q n c m n H w m d T m w Q c m j N T} {f g f h l B S h s h h s f f n f b B}
{W G D s M J s r j H C W t D M G D D} {V Q q S v Z q f S J z S n v n v v v}
{L g L F L F B F L} {V V z f B z M q Z}
{l g m F c w L h N c w d w w M L w h m c} {R D j N p C W R s W R s p G G s s H C p}
{P n P z N c c n j F f v C v} {h b S B V c W q d h S V h V}
{p s G M D Q J D D D J g Q N D H H J} {b w q w B s V q q Z V W B B h B d d}
{D l D J D Q G p t p g p G D} {f T R n r T r F P n N T l f}
{M S S S M L L m} {F H c D S c S q}
{p p Z n C s b j P Z p n n} {J c b R D m z H J q R R D}
{p m N m n G n Q N n C l Z} {G M V M d B G r M g V W g}
{l s T T G c Q z B c l j C c Q z G c G j G} {p t t t p m v S J t m g g t w w s w w t S}
{q Z R n r h M b R V d h Z R h h d n n V R P b} {m w S N w N N H t m J B v w p v t w N S v S b}
{V n M r q r r d q h Z r n r B L L} {l z z l Q j Q j L f T c G f F D F}
{d J J T l H v h Z q Z l Q T J n} {S g Q D z g s S b S c s S B z c}
{R R N t G j C C p R P P p R t j f r t t R} {z m b s c L s L Z L g c s b m L z S G L B}
{w f N t t f N r t W w P N N F f R t p f r} {d J M T T T Z T M Z T T V T l V w T l v M}
{P Q T G L m d N T g P m G g N N d C P L Q l} {r M q B r D z M C M F q D q F q j V C B C D}
{h h R w w v p S} {F m z D r m F h}
{v w w Z f S f s m v t S s p n Z} {L L L d L G W P T G T Q t T W G}
{p M c W z W F v W h F p P M W z v v h p d p} {r H T Z T Q r H r Q d Z T J d f T g Q T n J}
{C G b j B b N j j D m} {R H J D g r T V V Z g}
{N N t t G l G q N L s b t l} {h M F M F c M L w M v v Z z}
{C G S C B N C Q B t B C Q t t B w C G t G t} {Q r q r L r J q Z H L H b q H v L D H L r q}
{n V V h P M f V d f V P b f} {q L L q g D D q P v g Z s v}
{c p V n c b f n h F c} {B l t T p l p m T B C}
{M r d c d S t b M n d d t R B d q M n F m b q} {G C w q C V H V s N H w P f G V P q s C s C s}
{D B L l l z W W Q Q z l} {Z V V V C s G W H f s H}
{J Q p h j T g B j l L g j j p T p L g v T j Q} {n n n S J J R R F m d b R R S d M R t m d M c}
{Q b R Z M S W M b l} {w L s g p w Z z q Z}
{B F n c B r f c d N r r n V r N j} {s F z F T J p J L G J s G q L T p}
{V j h D D B d r f d h} {Q M l l z H m P Q M h}
{L d V V j F V F b} {p V G R Q G l l G}
{c N M c J N H z J W J t C W H N J H c H c z W} {p G m m h M Q m B B q r l R h B m p G p G B Q}
{J Z z T T t C Z t H C J n N n N} {w P f b F p n f d D d L d n v P}
{T p M l r W T T d d j} {m l m D m g Q g R t w}
{M N N V M S s V S N S n N V M F L} {D q w t G g R R t G b g F R w t R}
{C C L S C P S C Z Z H V C f Z s c} {B J J h P p h p d p p r d h j J M}
{g S M S H J H s M M p z R g H z s R M P P S z s} {P h t Z t Z d q d D q Q D h d C d Z m Q l d h t}
{F C c C n r G c N T f} {v v t q q f v l f l Q}
{T r T r W N W w r T} {J L M z J C z W L L}
{T p T z w M r f b r p F p M b F r r r z b P} {S d Z m t S Z R T l T Z R l m d C V l C t J}
{v q v W g q D J Q J s Q} {C V t Z g d Z d R R G d}
{v s v L J L c h W B c q n v c} {z w j L f z P j f r j z P r z}
{z q z b q C F Z} {g m z z m N m f}
{v p R W S b R V b V W d d V p w v w d R S w} {n S N g L H s n f N g M m g M L M m n r n s}
{D w W V p J R l p d b p R D W d G J G c G l} {h F t P P C q C C B F q Z P Q t t l q F B q}
{w Q R l w t B J B D w t t J} {d G v L f B v H L L f T L z}
{M M m N Z c M r c M F n} {R H z f j j v v H f v c}
{F g g p b F n h r N N r r M r M b M b n} {h Q V J V h s t J w q W C V C R s Q J Q}
{D Q b C G b l Q l p Q F Q l H j C b j w D Q Q} {M g g N m J m g n n p R B n g f Z m N g J M f}
{z v h W c c W V d W B c h d s s P r r W} {Z Z Z f m s m m m g s n Z Z J R s R T f}
{z B d t q P c c W P} {H F C q C C q l j q}
{t t r b R M m g t H g f m H} {S f B p L f n B B Z B p p B}
{C V T J D C C N P w C P D w c q z} {m d d Q Z d T Q d n L B Q T h W p}
{z w F D j w D J J P z j z V N c V J w C c} {b R H G m b b M r F H g H v r s g b b l G}
{g Z j j w H q H} {C z r M Z V V R}
{h h z c d T z P} {r V h V C G M b}
{f P c m L P N f f s c c J D d N D} {j B n p w z m H q g W j H w w v g}
{S J Q F S v Q B l z b S} {C g d P P d d P P P S N}
{p c r j c W L w w c H c} {g P N g T P L M N T C B}
{p R s j s W R n r p H R m r B r H r j} {l b J F v v z Q F n z Q b l Q D D b J}
{V j Q V M Q P V M f V} {P P b G P H H b G J D}
{p c q S t t l t s} {b D G d d s C J G}
{T S c h q L t T L F} {h g Q b M M Q M r r}
{t r q z M R w N T t D z} {L P J Q g W m j m j r f}
{l b B Q d p Z b s} {m h G m Z h m m G}
{l l V b p C p l v v H B B H p n} {R D c D R R q n R R Q n F R z T}
{S L S S F F m z L S h s V S S H} {n L n r J d b n R d Z Z b r R w}
{q C f W B f t p N W N N l q v T p} {w r R b G G C n w G m g R J G Z n}
{N c T B N p v W v B W p M f t N f f p q W l T p} {m z P D Q P S z F V M s F Q V h H s j H s z s s}
{V t J t N B R B} {G D p d p N b C}
{Q g L n c n t t v F c w w h L v F j} {S G s S b m m Q C S D d p C m p d G}
{v L g j L h h r c t M v L F F j L t M T L M g} {f P Z q B Z P Z z J B B f W Z Z P R Z Z T R V}
{m J z D J J p J B} {v f s G M Q n B M}
{C w P W C L R R W w R q w P q h P} {s r Z r n r l h h Q r M T r v Z l}
{d C d L L S P R L S q W q V S L q L} {j g J D z D m t b n g F V t J t z z}
{m t g W t M W r q j z Q T T j g} {h w w f c z l N J d l c J n l c}
{F v R s D P P F G R B F v v s} {l w D n T l c T T d w n d l h}
{S G B Z R B T s F G B R v L p v S C} {m g Q W Q j g g g M r Q j m m S m W}
{G c s R r Q h r V V j h R c} {W l n D F G G m v n t D W Z}
{T P b S g J J g B S C b C T b L H M C M T T} {Z d F H v t Z l W Z D Z F z m z Z H Z m m F}
{g B C M C S p b P M M P} {j c j q Q Q p q Q p r v}
{n Z J c n Z w v w z v} {T T T V t p D F n H H}
{D Q P B q G G G d M d} {T R H R B p N g F N R}
{d C G P f h P W Q d W W W C W S h W P q r C h W} {L L w L s w j c v S J b v b L j J L b z J b J D}
{Q r B Q t d t r Q B r d t F H P r d Q B} {D v G h L G n P n C W n m p D m L p m D}
{N j l R J R l N z J J V b S S R V Z w w J} {c m p W D G C W n b c h n L C C m n W C G}
{l l S J z s Z z M M l s S Z j S j Z w J N} {Q q t H H d B F s q d f T H h q F f t Q B}
{z d T J F H T d D B z} {r N d M n h N n N d M}
{Z l L Z Z c L t V t c W t G j t z L j L Z j C} {r n V N r n R b r Q Q b Q S R V r R n S N q S}
{l Z t G t C v j Z P C G C c t P} {p s D D B z T H F m P m F s z D}
{m Q S M v d M Q t Q d Z} {h Q r P W C P q P Q r N}
{R w j w n Z G z J F T Z g z g g z J D D w J n} {C P P h N N q P r L h r G N c W c W N P q C q}
{Z T z D f n w F z T n g T w J} {v f S l M t M M l m s H m H t}
{l Z l m F R V Z W m g Q W} {h R s R p J s C J p J c t}
{P T b P T G T G w w G r b d f j} {N N Z J v c C s C Z t v p T s h}
{b G d B B q G r d B P j D} {M z z V F Z g q Q z F F L}
{s z v s m L v p p P P t z G L G W p} {V d T S H T N g j H Q R m H T g S H}
{F n B M B N Z w Z N c n D Z M c n Z l Z} {g w g d Q T T H j V J j H H V R Q H J j}
{D n Z r F C M Z M N} {f f r L P b L s f W}
{r J v m n B g n r} {C r G R S G N Q R}
{h t h j N f h w c t w p j T L t V L j T} {G S p l d S C G S P d l P S R z S q S z}
{T V c T f H N F c w t j M h T} {v g b H Z s B b W m m Z b n H}
{W s Q g s t Q m v Q J n s s W s W} {P z h R z h B j Z B S B R Z S n j}
{q w C N q F w D r r l D r} {F P v R h T S P P z L R z}
{b p p q w p p C d d l v f b D N} {V g m M m t M f V V m f m V W W}
w
Q
d
Z
M
t
t
M
q
Z
v
g
r
d
q
n
p
W
g
L
M
z
t
Q
Q
f
r
m
Q
p
Z
b
W
F
s
J
h
r
P
b
T
Q
T
q
t
z
T
m
z
G
P
c
L
n
v
W
g
J
M
j
c
z
H
Z
F
P
S
H
V
r
M
Z
f
G
m
m
t
n
d
f
V
g
P
l
l
m
c
V
j
P
n
j
z
t
M
b
r
L
P
M
g
C
v
Z
d
n
G
V
b
N
t
c
p
S
F
C
L
G
Q
Z
G
S
h
M
g
w
W
N
V
Q
H
F
Z
N
q
M
L
H
n
V
d
s
M
z
f
r
H
g
Z
D
R
W
J
W
l
Q
W
s
Z
S
h
L
J
M
H
q
g
b
L
R
F
Z
Q
f
Z
T
t
S
M
h
N
b
q
c
J
B
n
M
b
j
t
S
M
p
n
J
B
N
c
s
l
S
b
G
s
b
L
Q
G
w
C
h
t
d
D
L
Q
P
p
q
W
J
Z
F
h
V
M
n
l
F
P
P
f
W
T
g
L
z
S
l
B
c
h
p
s
q
f
T
F
Z
h
m
S
L
n
P
s
h
r
Z
n
L
C
M
N
Q
T
B
h
V
z
D
S
G
H
p
n
B
S
P
b
s
d
V
P
Q
G
f
R
T
q
m
w
r
r
p
H
n
F
f
23
43
4
52
39
20
20
39
17
52
22
7
18
4
17
14
16
49
7
38
39
26
20
43
43
6
18
13
43
16
52
2
49
32
19
36
8
18
42
2
46
43
46
17
20
26
46
13
26
33
42
3
38
14
22
49
7
36
39
10
3
26
34
52
32
42
45
34
48
18
39
52
6
33
13
13
20
14
4
6
48
7
42
12
12
13
3
48
10
42
14
10
26
20
39
2
18
38
42
39
7
29
22
52
4
14
33
48
2
40
20
3
16
45
32
29
38
33
43
52
33
45
8
39
7
23
49
40
48
43
34
32
52
40
17
39
38
34
14
48
4
19
39
26
6
18
34
7
52
30
44
49
36
49
12
43
49
19
52
45
8
38
36
39
34
17
7
2
38
44
32
52
43
6
52
46
20
45
39
8
40
2
17
3
36
28
14
39
2
10
20
45
39
16
14
36
28
40
3
19
12
45
2
33
19
2
38
43
33
23
29
8
20
4
30
38
43
42
16
17
49
36
52
32
8
48
39
14
12
32
42
42
6
49
46
7
38
26
45
12
28
3
8
16
19
17
6
46
32
52
8
13
45
38
14
42
19
8
18
52
14
38
29
39
40
43
46
28
8
48
26
30
45
33
34
16
14
28
45
42
2
19
4
48
42
43
33
6
44
46
17
13
23
18
18
16
34
14
32
6
8298
